Archive member included because of file (symbol)

c:/program files (x86)/atmel/atmel studio 6.0/extensions/atmel/avrgcc/3.4.1.95/avrtoolchain/bin/../lib/gcc/avr/4.6.2/../../../../avr/lib/avr5\libm.a(divsf3.o)
                              MCAL/PWM/PWM.o (__divsf3)
c:/program files (x86)/atmel/atmel studio 6.0/extensions/atmel/avrgcc/3.4.1.95/avrtoolchain/bin/../lib/gcc/avr/4.6.2/../../../../avr/lib/avr5\libm.a(divsf3x.o)
                              c:/program files (x86)/atmel/atmel studio 6.0/extensions/atmel/avrgcc/3.4.1.95/avrtoolchain/bin/../lib/gcc/avr/4.6.2/../../../../avr/lib/avr5\libm.a(divsf3.o) (__divsf3x)
c:/program files (x86)/atmel/atmel studio 6.0/extensions/atmel/avrgcc/3.4.1.95/avrtoolchain/bin/../lib/gcc/avr/4.6.2/../../../../avr/lib/avr5\libm.a(fixunssfsi.o)
                              MCAL/PWM/PWM.o (__fixunssfsi)
c:/program files (x86)/atmel/atmel studio 6.0/extensions/atmel/avrgcc/3.4.1.95/avrtoolchain/bin/../lib/gcc/avr/4.6.2/../../../../avr/lib/avr5\libm.a(floatsisf.o)
                              MCAL/PWM/PWM.o (__floatunsisf)
c:/program files (x86)/atmel/atmel studio 6.0/extensions/atmel/avrgcc/3.4.1.95/avrtoolchain/bin/../lib/gcc/avr/4.6.2/../../../../avr/lib/avr5\libm.a(fp_inf.o)
                              c:/program files (x86)/atmel/atmel studio 6.0/extensions/atmel/avrgcc/3.4.1.95/avrtoolchain/bin/../lib/gcc/avr/4.6.2/../../../../avr/lib/avr5\libm.a(divsf3x.o) (__fp_inf)
c:/program files (x86)/atmel/atmel studio 6.0/extensions/atmel/avrgcc/3.4.1.95/avrtoolchain/bin/../lib/gcc/avr/4.6.2/../../../../avr/lib/avr5\libm.a(fp_nan.o)
                              c:/program files (x86)/atmel/atmel studio 6.0/extensions/atmel/avrgcc/3.4.1.95/avrtoolchain/bin/../lib/gcc/avr/4.6.2/../../../../avr/lib/avr5\libm.a(divsf3x.o) (__fp_nan)
c:/program files (x86)/atmel/atmel studio 6.0/extensions/atmel/avrgcc/3.4.1.95/avrtoolchain/bin/../lib/gcc/avr/4.6.2/../../../../avr/lib/avr5\libm.a(fp_pscA.o)
                              c:/program files (x86)/atmel/atmel studio 6.0/extensions/atmel/avrgcc/3.4.1.95/avrtoolchain/bin/../lib/gcc/avr/4.6.2/../../../../avr/lib/avr5\libm.a(divsf3x.o) (__fp_pscA)
c:/program files (x86)/atmel/atmel studio 6.0/extensions/atmel/avrgcc/3.4.1.95/avrtoolchain/bin/../lib/gcc/avr/4.6.2/../../../../avr/lib/avr5\libm.a(fp_pscB.o)
                              c:/program files (x86)/atmel/atmel studio 6.0/extensions/atmel/avrgcc/3.4.1.95/avrtoolchain/bin/../lib/gcc/avr/4.6.2/../../../../avr/lib/avr5\libm.a(divsf3x.o) (__fp_pscB)
c:/program files (x86)/atmel/atmel studio 6.0/extensions/atmel/avrgcc/3.4.1.95/avrtoolchain/bin/../lib/gcc/avr/4.6.2/../../../../avr/lib/avr5\libm.a(fp_round.o)
                              c:/program files (x86)/atmel/atmel studio 6.0/extensions/atmel/avrgcc/3.4.1.95/avrtoolchain/bin/../lib/gcc/avr/4.6.2/../../../../avr/lib/avr5\libm.a(divsf3.o) (__fp_round)
c:/program files (x86)/atmel/atmel studio 6.0/extensions/atmel/avrgcc/3.4.1.95/avrtoolchain/bin/../lib/gcc/avr/4.6.2/../../../../avr/lib/avr5\libm.a(fp_split3.o)
                              c:/program files (x86)/atmel/atmel studio 6.0/extensions/atmel/avrgcc/3.4.1.95/avrtoolchain/bin/../lib/gcc/avr/4.6.2/../../../../avr/lib/avr5\libm.a(divsf3x.o) (__fp_split3)
c:/program files (x86)/atmel/atmel studio 6.0/extensions/atmel/avrgcc/3.4.1.95/avrtoolchain/bin/../lib/gcc/avr/4.6.2/../../../../avr/lib/avr5\libm.a(fp_zero.o)
                              c:/program files (x86)/atmel/atmel studio 6.0/extensions/atmel/avrgcc/3.4.1.95/avrtoolchain/bin/../lib/gcc/avr/4.6.2/../../../../avr/lib/avr5\libm.a(fixunssfsi.o) (__fp_zero)
c:/program files (x86)/atmel/atmel studio 6.0/extensions/atmel/avrgcc/3.4.1.95/avrtoolchain/bin/../lib/gcc/avr/4.6.2/../../../../avr/lib/avr5\libm.a(mulsf3.o)
                              MCAL/PWM/PWM.o (__mulsf3)
c:/program files (x86)/atmel/atmel studio 6.0/extensions/atmel/avrgcc/3.4.1.95/avrtoolchain/bin/../lib/gcc/avr/4.6.2/../../../../avr/lib/avr5\libm.a(mulsf3x.o)
                              c:/program files (x86)/atmel/atmel studio 6.0/extensions/atmel/avrgcc/3.4.1.95/avrtoolchain/bin/../lib/gcc/avr/4.6.2/../../../../avr/lib/avr5\libm.a(mulsf3.o) (__mulsf3x)
c:/program files (x86)/atmel/atmel studio 6.0/extensions/atmel/avrgcc/3.4.1.95/avrtoolchain/bin/../lib/gcc/avr/4.6.2/avr5\libgcc.a(_mulsi3.o)
                              MCAL/ICU/ICU.o (__mulsi3)
c:/program files (x86)/atmel/atmel studio 6.0/extensions/atmel/avrgcc/3.4.1.95/avrtoolchain/bin/../lib/gcc/avr/4.6.2/avr5\libgcc.a(_udivmodhi4.o)
                              MCAL/uart_Send.o (__udivmodhi4)
c:/program files (x86)/atmel/atmel studio 6.0/extensions/atmel/avrgcc/3.4.1.95/avrtoolchain/bin/../lib/gcc/avr/4.6.2/avr5\libgcc.a(_udivmodsi4.o)
                              ECUAL/LCD/LCD.o (__udivmodsi4)
c:/program files (x86)/atmel/atmel studio 6.0/extensions/atmel/avrgcc/3.4.1.95/avrtoolchain/bin/../lib/gcc/avr/4.6.2/avr5\libgcc.a(_exit.o)
                              c:/program files (x86)/atmel/atmel studio 6.0/extensions/atmel/avrgcc/3.4.1.95/avrtoolchain/bin/../lib/gcc/avr/4.6.2/../../../../avr/lib/avr5/crtm32a.o (exit)
c:/program files (x86)/atmel/atmel studio 6.0/extensions/atmel/avrgcc/3.4.1.95/avrtoolchain/bin/../lib/gcc/avr/4.6.2/avr5\libgcc.a(_copy_data.o)
                              AAL/car_sm/car_sm.o (__do_copy_data)
c:/program files (x86)/atmel/atmel studio 6.0/extensions/atmel/avrgcc/3.4.1.95/avrtoolchain/bin/../lib/gcc/avr/4.6.2/avr5\libgcc.a(_clear_bss.o)
                              AAL/car_sm/car_sm.o (__do_clear_bss)
c:/program files (x86)/atmel/atmel studio 6.0/extensions/atmel/avrgcc/3.4.1.95/avrtoolchain/bin/../lib/gcc/avr/4.6.2/../../../../avr/lib/avr5\libc.a(memcpy.o)
                              RTOS/queue.o (memcpy)

Allocating common symbols
Common symbol       size              file

TWI_I2C             0x2               Infrastructure/Interrupts Manger/Interrupts.o
Start_status        0x7               SL/SOS/SOS.o
USART_RXC           0x2               Infrastructure/Interrupts Manger/Interrupts.o
TIMER2OVF           0x2               Infrastructure/Interrupts Manger/Interrupts.o
SPM_RDY             0x2               Infrastructure/Interrupts Manger/Interrupts.o
TIMER1COMPB         0x2               Infrastructure/Interrupts Manger/Interrupts.o
Buffer_Array        0x38              SL/SOS/SOS.o
TIMER1COMPA         0x2               Infrastructure/Interrupts Manger/Interrupts.o
u8_DATA             0x1               MCAL/uart_Send.o
SPI_STC             0x2               Infrastructure/Interrupts Manger/Interrupts.o
u16_ADC_readings_Channel
                    0x10              MCAL/ADC/ADC.o
INT2_external_interrupt
                    0x2               Infrastructure/Interrupts Manger/Interrupts.o
BufferRequested     0xa               MCAL/uart_Send.o
ANA_COMP            0x2               Infrastructure/Interrupts Manger/Interrupts.o
ADC_INT             0x2               Infrastructure/Interrupts Manger/Interrupts.o
EE_RDY              0x2               Infrastructure/Interrupts Manger/Interrupts.o
INT0_external_interrupt
                    0x2               Infrastructure/Interrupts Manger/Interrupts.o
USART_TXC           0x2               Infrastructure/Interrupts Manger/Interrupts.o
TIMER0COMP          0x2               Infrastructure/Interrupts Manger/Interrupts.o
USART_UDRE          0x2               Infrastructure/Interrupts Manger/Interrupts.o
INT1_external_interrupt
                    0x2               Infrastructure/Interrupts Manger/Interrupts.o
start               0xe               SL/SOS/SOS.o
TIMER1CAPT          0x2               Infrastructure/Interrupts Manger/Interrupts.o
TIMER1OVF           0x2               Infrastructure/Interrupts Manger/Interrupts.o
TIMER2COMP          0x2               Infrastructure/Interrupts Manger/Interrupts.o

Memory Configuration

Name             Origin             Length             Attributes
text             0x00000000         0x00020000         xr
data             0x00800060         0x0000ffa0         rw !x
eeprom           0x00810000         0x00010000         rw !x
fuse             0x00820000         0x00000400         rw !x
lock             0x00830000         0x00000400         rw !x
signature        0x00840000         0x00000400         rw !x
*default*        0x00000000         0xffffffff

Linker script and memory map

LOAD c:/program files (x86)/atmel/atmel studio 6.0/extensions/atmel/avrgcc/3.4.1.95/avrtoolchain/bin/../lib/gcc/avr/4.6.2/../../../../avr/lib/avr5/crtm32a.o
LOAD AAL/car_sm/car_sm.o
LOAD AAL/Plastic_braker_machine/plastic_braker.o
LOAD AAL/Plastic_braker_machine/plastic_braker_config.o
LOAD AAL/print_Machine/Tasks.o
LOAD AAL/Steering/Steering.o
LOAD ECUAL/LCD/LCD.o
LOAD ECUAL/LED/gpio.o
LOAD ECUAL/LED/led.o
LOAD ECUAL/MOTOR/Motor.o
LOAD ECUAL/MOTOR/Motor_Config.o
LOAD ECUAL/SWdelay/softwareDelay.o
LOAD ECUAL/US/US.o
LOAD ECUAL/US/UsConfig.o
LOAD Infrastructure/Interrupts Manger/Interrupts.o
LOAD MCAL/ADC/ADC.o
LOAD MCAL/ADC/ADC_Config.o
LOAD MCAL/DIO/DIO.o
LOAD MCAL/DIO/DIO_config.o
LOAD MCAL/ICU/ICU.o
LOAD MCAL/ICU/ICU_Config.o
LOAD MCAL/PushButtons/pushButton.o
LOAD MCAL/PWM/PWM.o
LOAD MCAL/PWM/PWM_Config.o
LOAD MCAL/Timer/timer.o
LOAD MCAL/Timer/Timer_Config.o
LOAD MCAL/uart_Send.o
LOAD Mother_of_Code.o
LOAD RTOS/croutine.o
LOAD RTOS/event_groups.o
LOAD RTOS/heap_1.o
LOAD RTOS/list.o
LOAD RTOS/port.o
LOAD RTOS/queue.o
LOAD RTOS/stream_buffer.o
LOAD RTOS/tasks.o
LOAD RTOS/timers.o
LOAD SL/SOS/SOS.o
LOAD SL/SOS/SOS_Config.o
START GROUP
LOAD c:/program files (x86)/atmel/atmel studio 6.0/extensions/atmel/avrgcc/3.4.1.95/avrtoolchain/bin/../lib/gcc/avr/4.6.2/../../../../avr/lib/avr5\libm.a
END GROUP
LOAD c:/program files (x86)/atmel/atmel studio 6.0/extensions/atmel/avrgcc/3.4.1.95/avrtoolchain/bin/../lib/gcc/avr/4.6.2/avr5\libgcc.a
LOAD c:/program files (x86)/atmel/atmel studio 6.0/extensions/atmel/avrgcc/3.4.1.95/avrtoolchain/bin/../lib/gcc/avr/4.6.2/../../../../avr/lib/avr5\libc.a
LOAD c:/program files (x86)/atmel/atmel studio 6.0/extensions/atmel/avrgcc/3.4.1.95/avrtoolchain/bin/../lib/gcc/avr/4.6.2/avr5\libgcc.a

.hash
 *(.hash)

.dynsym
 *(.dynsym)

.dynstr
 *(.dynstr)

.gnu.version
 *(.gnu.version)

.gnu.version_d
 *(.gnu.version_d)

.gnu.version_r
 *(.gnu.version_r)

.rel.init
 *(.rel.init)

.rela.init
 *(.rela.init)

.rel.text
 *(.rel.text)
 *(.rel.text.*)
 *(.rel.gnu.linkonce.t*)

.rela.text
 *(.rela.text)
 *(.rela.text.*)
 *(.rela.gnu.linkonce.t*)

.rel.fini
 *(.rel.fini)

.rela.fini
 *(.rela.fini)

.rel.rodata
 *(.rel.rodata)
 *(.rel.rodata.*)
 *(.rel.gnu.linkonce.r*)

.rela.rodata
 *(.rela.rodata)
 *(.rela.rodata.*)
 *(.rela.gnu.linkonce.r*)

.rel.data
 *(.rel.data)
 *(.rel.data.*)
 *(.rel.gnu.linkonce.d*)

.rela.data
 *(.rela.data)
 *(.rela.data.*)
 *(.rela.gnu.linkonce.d*)

.rel.ctors
 *(.rel.ctors)

.rela.ctors
 *(.rela.ctors)

.rel.dtors
 *(.rel.dtors)

.rela.dtors
 *(.rela.dtors)

.rel.got
 *(.rel.got)

.rela.got
 *(.rela.got)

.rel.bss
 *(.rel.bss)

.rela.bss
 *(.rela.bss)

.rel.plt
 *(.rel.plt)

.rela.plt
 *(.rela.plt)

.text           0x00000000     0x553e
 *(.vectors)
 .vectors       0x00000000       0x54 c:/program files (x86)/atmel/atmel studio 6.0/extensions/atmel/avrgcc/3.4.1.95/avrtoolchain/bin/../lib/gcc/avr/4.6.2/../../../../avr/lib/avr5/crtm32a.o
                0x00000000                __vector_default
                0x00000000                __vectors
 *(.vectors)
 *(.progmem.gcc*)
 *(.progmem*)
                0x00000054                . = ALIGN (0x2)
                0x00000054                __trampolines_start = .
 *(.trampolines)
 .trampolines   0x00000054        0x0 linker stubs
 *(.trampolines*)
                0x00000054                __trampolines_end = .
 *(.jumptables)
 *(.jumptables*)
 *(.lowtext)
 *(.lowtext*)
                0x00000054                __ctors_start = .
 *(.ctors)
                0x00000054                __ctors_end = .
                0x00000054                __dtors_start = .
 *(.dtors)
                0x00000054                __dtors_end = .
 SORT(*)(.ctors)
 SORT(*)(.dtors)
 *(.init0)
 .init0         0x00000054        0x0 c:/program files (x86)/atmel/atmel studio 6.0/extensions/atmel/avrgcc/3.4.1.95/avrtoolchain/bin/../lib/gcc/avr/4.6.2/../../../../avr/lib/avr5/crtm32a.o
                0x00000054                __init
 *(.init0)
 *(.init1)
 *(.init1)
 *(.init2)
 .init2         0x00000054        0xc c:/program files (x86)/atmel/atmel studio 6.0/extensions/atmel/avrgcc/3.4.1.95/avrtoolchain/bin/../lib/gcc/avr/4.6.2/../../../../avr/lib/avr5/crtm32a.o
 *(.init2)
 *(.init3)
 *(.init3)
 *(.init4)
 .init4         0x00000060       0x16 c:/program files (x86)/atmel/atmel studio 6.0/extensions/atmel/avrgcc/3.4.1.95/avrtoolchain/bin/../lib/gcc/avr/4.6.2/avr5\libgcc.a(_copy_data.o)
                0x00000060                __do_copy_data
 .init4         0x00000076       0x10 c:/program files (x86)/atmel/atmel studio 6.0/extensions/atmel/avrgcc/3.4.1.95/avrtoolchain/bin/../lib/gcc/avr/4.6.2/avr5\libgcc.a(_clear_bss.o)
                0x00000076                __do_clear_bss
 *(.init4)
 *(.init5)
 *(.init5)
 *(.init6)
 *(.init6)
 *(.init7)
 *(.init7)
 *(.init8)
 *(.init8)
 *(.init9)
 .init9         0x00000086        0x8 c:/program files (x86)/atmel/atmel studio 6.0/extensions/atmel/avrgcc/3.4.1.95/avrtoolchain/bin/../lib/gcc/avr/4.6.2/../../../../avr/lib/avr5/crtm32a.o
 *(.init9)
 *(.text)
 .text          0x0000008e        0x4 c:/program files (x86)/atmel/atmel studio 6.0/extensions/atmel/avrgcc/3.4.1.95/avrtoolchain/bin/../lib/gcc/avr/4.6.2/../../../../avr/lib/avr5/crtm32a.o
                0x0000008e                __bad_interrupt
 .text          0x00000092       0x3c AAL/car_sm/car_sm.o
                0x00000092                Car_SM_Init
                0x0000009e                Car_SM_Update
 .text          0x000000ce       0x58 AAL/Plastic_braker_machine/plastic_braker.o
                0x000000ce                init_fun_plastic
                0x000000f0                on_switch_int
                0x000000f2                off_switch_int
                0x000000f4                sw_int
 .text          0x00000126        0x0 AAL/Plastic_braker_machine/plastic_braker_config.o
 .text          0x00000126      0x36a AAL/print_Machine/Tasks.o
                0x00000126                Display_Task
                0x00000136                Push_Task
                0x00000140                Push_Task1
                0x00000156                Push_Task2
                0x00000160                Read_Time_Task
                0x000001a4                relay2
                0x000001da                relay1
                0x00000210                relay0
                0x00000246                update_timing
                0x0000048e                uart_send_sos
 .text          0x00000490       0xa4 AAL/Steering/Steering.o
                0x00000490                Steering_Init
                0x00000498                Steering_SteerCar
 .text          0x00000534      0x2fc ECUAL/LCD/LCD.o
                0x00000534                LCD_EN_pulse
                0x00000562                LCD_config_pins
                0x0000056c                LCD_send_nibble
                0x000005e0                LCD_send_char
                0x0000060a                LCD_send_command
                0x00000640                LCD_init
                0x000006a8                LCD_clear
                0x000006b0                LCD_send_string
                0x000006ce                LCD_goto_xy
                0x000006ec                reverse
                0x00000738                itoa_
 .text          0x00000830      0x1f8 ECUAL/LED/gpio.o
                0x00000830                gpioPortDirection
                0x00000852                gpioPortWrite
                0x00000874                gpioPortToggle
                0x000008a6                gpioPortRead
                0x000008cc                gpioPinDirection
                0x0000094a                gpioPinWrite
                0x000009c0                gpioPinToggle
                0x000009f2                gpioPinRead
 .text          0x00000a28      0x100 ECUAL/LED/led.o
                0x00000a28                Led_Init
                0x00000a6a                Led_On
                0x00000aac                Led_Off
                0x00000aee                Led_Toggle
 .text          0x00000b28      0x290 ECUAL/MOTOR/Motor.o
                0x00000b28                Motor_Init
                0x00000b86                Motor_Direction
                0x00000cd8                Motor_Start
                0x00000d24                Motor_SpeedUpdate
                0x00000d84                Motor_Stop
                0x00000da2                Motor_GetStatus
 .text          0x00000db8        0x0 ECUAL/MOTOR/Motor_Config.o
 .text          0x00000db8       0x42 ECUAL/SWdelay/softwareDelay.o
                0x00000db8                SwDelay_ms
                0x00000de4                SwDelay_us
 .text          0x00000dfa       0x7a ECUAL/US/US.o
                0x00000dfa                Us_Init
                0x00000e0c                Us_Trigger
                0x00000e38                Us_GetDistance
 .text          0x00000e74        0x0 ECUAL/US/UsConfig.o
 .text          0x00000e74      0x66a Infrastructure/Interrupts Manger/Interrupts.o
                0x00000e74                G_interrupt_Enable
                0x00000e7c                EX_interrupt_enable2
                0x00000e8e                EX_interrupt_enable1
                0x00000ea6                EX_interrupt_enable0
                0x00000ebe                G_interrupt_Disable
                0x00000ec6                __vector_1
                0x00000f14                __vector_2
                0x00000f62                __vector_3
                0x00000fb0                __vector_4
                0x00000ffe                __vector_5
                0x0000104c                __vector_6
                0x0000109a                __vector_7
                0x000010e8                __vector_8
                0x00001136                __vector_9
                0x00001184                __vector_10
                0x000011d2                __vector_11
                0x00001220                __vector_12
                0x0000126e                __vector_13
                0x000012bc                __vector_14
                0x0000130a                __vector_15
                0x00001358                __vector_16
                0x000013a6                __vector_17
                0x000013f4                __vector_18
                0x00001442                __vector_19
                0x00001490                __vector_20
 .text          0x000014de      0x1c8 MCAL/ADC/ADC.o
                0x000014de                ADC_read_int
                0x000014e0                ADC_INIT
                0x00001536                ADC_Read7
                0x00001560                ADC_Read6
                0x0000158a                ADC_Read5
                0x000015b4                ADC_Read4
                0x000015de                ADC_Read3
                0x00001608                ADC_Read2
                0x00001626                ADC_Read1
                0x00001650                ADC_Read0
                0x0000167a                adc_read
 .text          0x000016a6        0x0 MCAL/ADC/ADC_Config.o
 .text          0x000016a6      0x1c8 MCAL/DIO/DIO.o
                0x000016a6                DIO_init
                0x0000175e                DIO_Write
                0x000017f2                DIO_Read
                0x00001830                DIO_Toggle
 .text          0x0000186e        0x0 MCAL/DIO/DIO_config.o
 .text          0x0000186e      0x220 MCAL/ICU/ICU.o
                0x0000186e                Icu_Init
                0x000018d0                Icu_ReadTime
                0x00001984                EXTI
 .text          0x00001a8e        0x0 MCAL/ICU/ICU_Config.o
 .text          0x00001a8e       0x8e MCAL/PushButtons/pushButton.o
                0x00001a8e                pushButtonGetStatus
 .text          0x00001b1c      0x428 MCAL/PWM/PWM.o
                0x00001b1c                Pwm_Init
                0x00001b70                Pwm_Start
                0x00001efe                Pwm_Update
                0x00001f12                Pwm_Stop
 .text          0x00001f44        0x0 MCAL/PWM/PWM_Config.o
 .text          0x00001f44      0x4c0 MCAL/Timer/timer.o
                0x00001f44                Timer_Init
                0x00002128                Timer_Start
                0x0000235a                Timer_Stop
                0x0000238e                Timer_GetStatus
                0x000023d0                Timer_GetValue
 .text          0x00002404        0x0 MCAL/Timer/Timer_Config.o
 .text          0x00002404      0x156 MCAL/uart_Send.o
                0x00002404                Uart_Init
                0x000024b8                UartTransmitPooling
                0x000024c0                UartRecievePooling
                0x000024c8                Enable_communication_interrupt
                0x000024d4                UartRecieveInterrupt
                0x000024dc                UartTransmitInterrupt
                0x000024e4                UartTransmitdataInt
                0x000024ea                Uart_tryansmitfirstbyte
                0x000024ee                Uart_De_Init
                0x000024f4                uart_transmit_u16
 .text          0x0000255a      0x244 Mother_of_Code.o
                0x0000255a                debug
                0x00002586                alarm_flashing
                0x0000259a                plastic_breaker_loop
                0x000026e0                badawy_machine_init
                0x00002744                plastic_breaker_init
                0x00002794                main
 .text          0x0000279e        0x0 RTOS/croutine.o
 .text          0x0000279e      0x352 RTOS/event_groups.o
                0x000027c4                xEventGroupCreate
                0x000027ec                xEventGroupWaitBits
                0x000028c4                xEventGroupClearBits
                0x000028e2                xEventGroupGetBitsFromISR
                0x000028ea                xEventGroupSetBits
                0x000029e0                xEventGroupSync
                0x00002aae                vEventGroupDelete
                0x00002ae0                vEventGroupSetBitsCallback
                0x00002ae8                vEventGroupClearBitsCallback
 .text          0x00002af0       0x8a RTOS/heap_1.o
                0x00002af0                pvPortMalloc
                0x00002b5c                vPortFree
                0x00002b5e                vPortInitialiseBlocks
                0x00002b68                xPortGetFreeHeapSize
 .text          0x00002b7a      0x118 RTOS/list.o
                0x00002b7a                vListInitialise
                0x00002b96                vListInitialiseItem
                0x00002b9e                vListInsertEnd
                0x00002bdc                vListInsert
                0x00002c40                uxListRemove
 .text          0x00002c92      0x2fe RTOS/port.o
                0x00002c92                pxPortInitialiseStack
                0x00002db2                xPortStartScheduler
                0x00002e1c                vPortEndScheduler
                0x00002e1e                vPortYield
                0x00002ed0                vPortYieldFromTick
                0x00002f8a                SIG_OUTPUT_COMPARE1A
 .text          0x00002f90      0x8fc RTOS/queue.o
                0x0000311c                xQueueGenericReset
                0x000031a8                xQueueGenericCreate
                0x000031fa                xQueueGenericSend
                0x00003346                xQueueGenericSendFromISR
                0x000033b8                xQueueGiveFromISR
                0x0000340a                xQueueReceive
                0x00003546                xQueueSemaphoreTake
                0x0000366a                xQueuePeek
                0x000037a6                xQueueReceiveFromISR
                0x00003814                xQueuePeekFromISR
                0x00003842                uxQueueMessagesWaiting
                0x00003852                uxQueueSpacesAvailable
                0x00003866                uxQueueMessagesWaitingFromISR
                0x0000386c                vQueueDelete
                0x00003872                xQueueIsQueueEmptyFromISR
                0x0000387e                xQueueIsQueueFullFromISR
 .text          0x0000388c      0x82e RTOS/stream_buffer.o
                0x00003b0c                xStreamBufferGenericCreate
                0x00003b68                vStreamBufferDelete
                0x00003b82                xStreamBufferReset
                0x00003bc2                xStreamBufferSetTriggerLevel
                0x00003be4                xStreamBufferSpacesAvailable
                0x00003c0a                xStreamBufferBytesAvailable
                0x00003c10                xStreamBufferSend
                0x00003d5c                xStreamBufferSendFromISR
                0x00003dec                xStreamBufferReceive
                0x00003ef6                xStreamBufferNextMessageLengthBytes
                0x00003f5e                xStreamBufferReceiveFromISR
                0x00003ff0                xStreamBufferIsEmpty
                0x00004006                xStreamBufferIsFull
                0x00004032                xStreamBufferSendCompletedFromISR
                0x00004076                xStreamBufferReceiveCompletedFromISR
 .text          0x000040ba      0xeda RTOS/tasks.o
                0x000041de                xTaskCreate
                0x00004420                vTaskDelete
                0x000044c4                vTaskStartScheduler
                0x00004518                vTaskEndScheduler
                0x00004524                vTaskSuspendAll
                0x00004530                xTaskGetTickCount
                0x00004544                xTaskGetTickCountFromISR
                0x0000454e                uxTaskGetNumberOfTasks
                0x00004554                pcTaskGetName
                0x00004564                xTaskIncrementTick
                0x000046e0                xTaskResumeAll
                0x000047e0                vTaskDelay
                0x00004808                vTaskSwitchContext
                0x000048c0                vTaskPlaceOnEventList
                0x000048e4                vTaskPlaceOnUnorderedEventList
                0x00004916                xTaskRemoveFromEventList
                0x000049ac                vTaskRemoveFromUnorderedEventList
                0x00004a1c                vTaskSetTimeOutState
                0x00004a3c                vTaskInternalSetTimeOutState
                0x00004a52                xTaskCheckForTimeOut
                0x00004aac                vTaskMissedYield
                0x00004ab4                xTaskGetCurrentTaskHandle
                0x00004abe                uxTaskResetEventItemValue
                0x00004aee                ulTaskNotifyTake
                0x00004ba4                xTaskNotifyWait
                0x00004c9c                xTaskGenericNotify
                0x00004d96                xTaskGenericNotifyFromISR
                0x00004eb4                vTaskNotifyGiveFromISR
                0x00004f6a                xTaskNotifyStateClear
 .text          0x00004f94        0x0 RTOS/timers.o
 .text          0x00004f94      0x1e0 SL/SOS/SOS.o
                0x00004f94                SOS_Init
                0x00005016                TMU_DeInit
                0x0000503a                SOS_Create_Task
                0x00005074                SOS_Run
                0x00005154                TMU_Stop_Timer
                0x0000516c                timer_interrupt
 .text          0x00005174        0x0 SL/SOS/SOS_Config.o
 .text          0x00005174        0x0 c:/program files (x86)/atmel/atmel studio 6.0/extensions/atmel/avrgcc/3.4.1.95/avrtoolchain/bin/../lib/gcc/avr/4.6.2/../../../../avr/lib/avr5\libm.a(divsf3.o)
 .text          0x00005174        0x0 c:/program files (x86)/atmel/atmel studio 6.0/extensions/atmel/avrgcc/3.4.1.95/avrtoolchain/bin/../lib/gcc/avr/4.6.2/../../../../avr/lib/avr5\libm.a(divsf3x.o)
 .text          0x00005174        0x0 c:/program files (x86)/atmel/atmel studio 6.0/extensions/atmel/avrgcc/3.4.1.95/avrtoolchain/bin/../lib/gcc/avr/4.6.2/../../../../avr/lib/avr5\libm.a(fixunssfsi.o)
 .text          0x00005174        0x0 c:/program files (x86)/atmel/atmel studio 6.0/extensions/atmel/avrgcc/3.4.1.95/avrtoolchain/bin/../lib/gcc/avr/4.6.2/../../../../avr/lib/avr5\libm.a(floatsisf.o)
 .text          0x00005174        0x0 c:/program files (x86)/atmel/atmel studio 6.0/extensions/atmel/avrgcc/3.4.1.95/avrtoolchain/bin/../lib/gcc/avr/4.6.2/../../../../avr/lib/avr5\libm.a(fp_inf.o)
 .text          0x00005174        0x0 c:/program files (x86)/atmel/atmel studio 6.0/extensions/atmel/avrgcc/3.4.1.95/avrtoolchain/bin/../lib/gcc/avr/4.6.2/../../../../avr/lib/avr5\libm.a(fp_nan.o)
 .text          0x00005174        0x0 c:/program files (x86)/atmel/atmel studio 6.0/extensions/atmel/avrgcc/3.4.1.95/avrtoolchain/bin/../lib/gcc/avr/4.6.2/../../../../avr/lib/avr5\libm.a(fp_pscA.o)
 .text          0x00005174        0x0 c:/program files (x86)/atmel/atmel studio 6.0/extensions/atmel/avrgcc/3.4.1.95/avrtoolchain/bin/../lib/gcc/avr/4.6.2/../../../../avr/lib/avr5\libm.a(fp_pscB.o)
 .text          0x00005174        0x0 c:/program files (x86)/atmel/atmel studio 6.0/extensions/atmel/avrgcc/3.4.1.95/avrtoolchain/bin/../lib/gcc/avr/4.6.2/../../../../avr/lib/avr5\libm.a(fp_round.o)
 .text          0x00005174        0x0 c:/program files (x86)/atmel/atmel studio 6.0/extensions/atmel/avrgcc/3.4.1.95/avrtoolchain/bin/../lib/gcc/avr/4.6.2/../../../../avr/lib/avr5\libm.a(fp_split3.o)
 .text          0x00005174        0x0 c:/program files (x86)/atmel/atmel studio 6.0/extensions/atmel/avrgcc/3.4.1.95/avrtoolchain/bin/../lib/gcc/avr/4.6.2/../../../../avr/lib/avr5\libm.a(fp_zero.o)
 .text          0x00005174        0x0 c:/program files (x86)/atmel/atmel studio 6.0/extensions/atmel/avrgcc/3.4.1.95/avrtoolchain/bin/../lib/gcc/avr/4.6.2/../../../../avr/lib/avr5\libm.a(mulsf3.o)
 .text          0x00005174        0x0 c:/program files (x86)/atmel/atmel studio 6.0/extensions/atmel/avrgcc/3.4.1.95/avrtoolchain/bin/../lib/gcc/avr/4.6.2/../../../../avr/lib/avr5\libm.a(mulsf3x.o)
 .text          0x00005174        0x0 c:/program files (x86)/atmel/atmel studio 6.0/extensions/atmel/avrgcc/3.4.1.95/avrtoolchain/bin/../lib/gcc/avr/4.6.2/avr5\libgcc.a(_mulsi3.o)
 .text          0x00005174        0x0 c:/program files (x86)/atmel/atmel studio 6.0/extensions/atmel/avrgcc/3.4.1.95/avrtoolchain/bin/../lib/gcc/avr/4.6.2/avr5\libgcc.a(_udivmodhi4.o)
 .text          0x00005174        0x0 c:/program files (x86)/atmel/atmel studio 6.0/extensions/atmel/avrgcc/3.4.1.95/avrtoolchain/bin/../lib/gcc/avr/4.6.2/avr5\libgcc.a(_udivmodsi4.o)
 .text          0x00005174        0x0 c:/program files (x86)/atmel/atmel studio 6.0/extensions/atmel/avrgcc/3.4.1.95/avrtoolchain/bin/../lib/gcc/avr/4.6.2/avr5\libgcc.a(_exit.o)
 .text          0x00005174        0x0 c:/program files (x86)/atmel/atmel studio 6.0/extensions/atmel/avrgcc/3.4.1.95/avrtoolchain/bin/../lib/gcc/avr/4.6.2/avr5\libgcc.a(_copy_data.o)
 .text          0x00005174        0x0 c:/program files (x86)/atmel/atmel studio 6.0/extensions/atmel/avrgcc/3.4.1.95/avrtoolchain/bin/../lib/gcc/avr/4.6.2/avr5\libgcc.a(_clear_bss.o)
 .text          0x00005174        0x0 c:/program files (x86)/atmel/atmel studio 6.0/extensions/atmel/avrgcc/3.4.1.95/avrtoolchain/bin/../lib/gcc/avr/4.6.2/../../../../avr/lib/avr5\libc.a(memcpy.o)
                0x00005174                . = ALIGN (0x2)
 *(.text.*)
 .text.avr-libc.fplib
                0x00005174        0x4 c:/program files (x86)/atmel/atmel studio 6.0/extensions/atmel/avrgcc/3.4.1.95/avrtoolchain/bin/../lib/gcc/avr/4.6.2/../../../../avr/lib/avr5\libm.a(divsf3.o)
                0x00005174                __divsf3
 .text.avr-libc.fplib
                0x00005178       0xcc c:/program files (x86)/atmel/atmel studio 6.0/extensions/atmel/avrgcc/3.4.1.95/avrtoolchain/bin/../lib/gcc/avr/4.6.2/../../../../avr/lib/avr5\libm.a(divsf3x.o)
                0x0000518e                __divsf3x
                0x00005192                __divsf3_pse
 .text.avr-libc.fplib
                0x00005244       0x58 c:/program files (x86)/atmel/atmel studio 6.0/extensions/atmel/avrgcc/3.4.1.95/avrtoolchain/bin/../lib/gcc/avr/4.6.2/../../../../avr/lib/avr5\libm.a(fixunssfsi.o)
                0x00005244                __fixunssfsi
 .text.avr-libc.fplib
                0x0000529c       0x7a c:/program files (x86)/atmel/atmel studio 6.0/extensions/atmel/avrgcc/3.4.1.95/avrtoolchain/bin/../lib/gcc/avr/4.6.2/../../../../avr/lib/avr5\libm.a(floatsisf.o)
                0x0000529c                __floatunsisf
                0x000052a0                __floatsisf
 .text.avr-libc.fplib
                0x00005316        0xc c:/program files (x86)/atmel/atmel studio 6.0/extensions/atmel/avrgcc/3.4.1.95/avrtoolchain/bin/../lib/gcc/avr/4.6.2/../../../../avr/lib/avr5\libm.a(fp_inf.o)
                0x00005316                __fp_inf
 .text.avr-libc.fplib
                0x00005322        0x6 c:/program files (x86)/atmel/atmel studio 6.0/extensions/atmel/avrgcc/3.4.1.95/avrtoolchain/bin/../lib/gcc/avr/4.6.2/../../../../avr/lib/avr5\libm.a(fp_nan.o)
                0x00005322                __fp_nan
 .text.avr-libc.fplib
                0x00005328        0xe c:/program files (x86)/atmel/atmel studio 6.0/extensions/atmel/avrgcc/3.4.1.95/avrtoolchain/bin/../lib/gcc/avr/4.6.2/../../../../avr/lib/avr5\libm.a(fp_pscA.o)
                0x00005328                __fp_pscA
 .text.avr-libc.fplib
                0x00005336        0xe c:/program files (x86)/atmel/atmel studio 6.0/extensions/atmel/avrgcc/3.4.1.95/avrtoolchain/bin/../lib/gcc/avr/4.6.2/../../../../avr/lib/avr5\libm.a(fp_pscB.o)
                0x00005336                __fp_pscB
 .text.avr-libc.fplib
                0x00005344       0x22 c:/program files (x86)/atmel/atmel studio 6.0/extensions/atmel/avrgcc/3.4.1.95/avrtoolchain/bin/../lib/gcc/avr/4.6.2/../../../../avr/lib/avr5\libm.a(fp_round.o)
                0x00005344                __fp_round
 .text.avr-libc.fplib
                0x00005366       0x44 c:/program files (x86)/atmel/atmel studio 6.0/extensions/atmel/avrgcc/3.4.1.95/avrtoolchain/bin/../lib/gcc/avr/4.6.2/../../../../avr/lib/avr5\libm.a(fp_split3.o)
                0x00005366                __fp_split3
                0x00005376                __fp_splitA
 .text.avr-libc.fplib
                0x000053aa        0xe c:/program files (x86)/atmel/atmel studio 6.0/extensions/atmel/avrgcc/3.4.1.95/avrtoolchain/bin/../lib/gcc/avr/4.6.2/../../../../avr/lib/avr5\libm.a(fp_zero.o)
                0x000053aa                __fp_zero
                0x000053ac                __fp_szero
 .text.avr-libc.fplib
                0x000053b8        0x4 c:/program files (x86)/atmel/atmel studio 6.0/extensions/atmel/avrgcc/3.4.1.95/avrtoolchain/bin/../lib/gcc/avr/4.6.2/../../../../avr/lib/avr5\libm.a(mulsf3.o)
                0x000053b8                __mulsf3
 .text.avr-libc.fplib
                0x000053bc       0xc2 c:/program files (x86)/atmel/atmel studio 6.0/extensions/atmel/avrgcc/3.4.1.95/avrtoolchain/bin/../lib/gcc/avr/4.6.2/../../../../avr/lib/avr5\libm.a(mulsf3x.o)
                0x000053d0                __mulsf3x
                0x000053d4                __mulsf3_pse
 .text.libgcc   0x0000547e       0x3e c:/program files (x86)/atmel/atmel studio 6.0/extensions/atmel/avrgcc/3.4.1.95/avrtoolchain/bin/../lib/gcc/avr/4.6.2/avr5\libgcc.a(_mulsi3.o)
                0x0000547e                __mulsi3
 .text.libgcc   0x000054bc       0x28 c:/program files (x86)/atmel/atmel studio 6.0/extensions/atmel/avrgcc/3.4.1.95/avrtoolchain/bin/../lib/gcc/avr/4.6.2/avr5\libgcc.a(_udivmodhi4.o)
                0x000054bc                __udivmodhi4
 .text.libgcc   0x000054e4       0x44 c:/program files (x86)/atmel/atmel studio 6.0/extensions/atmel/avrgcc/3.4.1.95/avrtoolchain/bin/../lib/gcc/avr/4.6.2/avr5\libgcc.a(_udivmodsi4.o)
                0x000054e4                __udivmodsi4
 .text.libgcc   0x00005528        0x0 c:/program files (x86)/atmel/atmel studio 6.0/extensions/atmel/avrgcc/3.4.1.95/avrtoolchain/bin/../lib/gcc/avr/4.6.2/avr5\libgcc.a(_exit.o)
 .text.libgcc   0x00005528        0x0 c:/program files (x86)/atmel/atmel studio 6.0/extensions/atmel/avrgcc/3.4.1.95/avrtoolchain/bin/../lib/gcc/avr/4.6.2/avr5\libgcc.a(_copy_data.o)
 .text.libgcc   0x00005528        0x0 c:/program files (x86)/atmel/atmel studio 6.0/extensions/atmel/avrgcc/3.4.1.95/avrtoolchain/bin/../lib/gcc/avr/4.6.2/avr5\libgcc.a(_clear_bss.o)
 .text.avr-libc
                0x00005528       0x12 c:/program files (x86)/atmel/atmel studio 6.0/extensions/atmel/avrgcc/3.4.1.95/avrtoolchain/bin/../lib/gcc/avr/4.6.2/../../../../avr/lib/avr5\libc.a(memcpy.o)
                0x00005528                memcpy
                0x0000553a                . = ALIGN (0x2)
 *(.fini9)
 .fini9         0x0000553a        0x0 c:/program files (x86)/atmel/atmel studio 6.0/extensions/atmel/avrgcc/3.4.1.95/avrtoolchain/bin/../lib/gcc/avr/4.6.2/avr5\libgcc.a(_exit.o)
                0x0000553a                _exit
                0x0000553a                exit
 *(.fini9)
 *(.fini8)
 *(.fini8)
 *(.fini7)
 *(.fini7)
 *(.fini6)
 *(.fini6)
 *(.fini5)
 *(.fini5)
 *(.fini4)
 *(.fini4)
 *(.fini3)
 *(.fini3)
 *(.fini2)
 *(.fini2)
 *(.fini1)
 *(.fini1)
 *(.fini0)
 .fini0         0x0000553a        0x4 c:/program files (x86)/atmel/atmel studio 6.0/extensions/atmel/avrgcc/3.4.1.95/avrtoolchain/bin/../lib/gcc/avr/4.6.2/avr5\libgcc.a(_exit.o)
 *(.fini0)
                0x0000553e                _etext = .

.data           0x00800060       0x8e load address 0x0000553e
                0x00800060                PROVIDE (__data_start, .)
 *(.data)
 .data          0x00800060        0x0 c:/program files (x86)/atmel/atmel studio 6.0/extensions/atmel/avrgcc/3.4.1.95/avrtoolchain/bin/../lib/gcc/avr/4.6.2/../../../../avr/lib/avr5/crtm32a.o
 .data          0x00800060        0x0 AAL/car_sm/car_sm.o
 .data          0x00800060        0x0 AAL/Plastic_braker_machine/plastic_braker.o
 .data          0x00800060        0xc AAL/Plastic_braker_machine/plastic_braker_config.o
                0x00800060                Dio_B_MOTOR
                0x00800063                Dio_D_ALARM
                0x00800066                Dio_B_On_Off
                0x00800069                Dio_D_magnetic
 .data          0x0080006c        0x6 AAL/print_Machine/Tasks.o
                0x0080006c                Timing_arr
 .data          0x00800072        0x0 AAL/Steering/Steering.o
 .data          0x00800072        0x0 ECUAL/LCD/LCD.o
 .data          0x00800072        0x0 ECUAL/LED/gpio.o
 .data          0x00800072        0x0 ECUAL/LED/led.o
 .data          0x00800072        0x0 ECUAL/MOTOR/Motor.o
 .data          0x00800072        0x9 ECUAL/MOTOR/Motor_Config.o
                0x00800072                ALL_Motor
                0x00800075                Motortwo
                0x00800078                Motorone
 .data          0x0080007b        0x0 ECUAL/SWdelay/softwareDelay.o
 .data          0x0080007b        0x0 ECUAL/US/US.o
 .data          0x0080007b        0x3 ECUAL/US/UsConfig.o
                0x0080007b                US_Configuration
 .data          0x0080007e        0x2 Infrastructure/Interrupts Manger/Interrupts.o
                0x0080007e                TIMER0OVF_INT
 .data          0x00800080       0x10 MCAL/ADC/ADC.o
 .data          0x00800090       0x28 MCAL/ADC/ADC_Config.o
                0x00800090                ADC_Cnfiguration7
                0x00800095                ADC_Cnfiguration6
                0x0080009a                ADC_Cnfiguration5
                0x0080009f                ADC_Cnfiguration4
                0x008000a4                ADC_Cnfiguration3
                0x008000a9                ADC_Cnfiguration2
                0x008000ae                ADC_Cnfiguration1
                0x008000b3                ADC_Cnfiguration0
 .data          0x008000b8        0x0 MCAL/DIO/DIO.o
 .data          0x008000b8       0x12 MCAL/DIO/DIO_config.o
                0x008000b8                SPI_Slave_Config1
                0x008000bb                SPI_Slave_Config
                0x008000be                Dio_configurationD
                0x008000c1                Dio_configurationC
                0x008000c4                Dio_configurationB
                0x008000c7                Dio_configurationA
 .data          0x008000ca        0x0 MCAL/ICU/ICU.o
 .data          0x008000ca        0x2 MCAL/ICU/ICU_Config.o
                0x008000ca                ICU_Configuration
 .data          0x008000cc        0x0 MCAL/PushButtons/pushButton.o
 .data          0x008000cc        0x0 MCAL/PWM/PWM.o
 .data          0x008000cc        0x8 MCAL/PWM/PWM_Config.o
                0x008000cc                PWM_Configuration_2
                0x008000ce                PWM_Configuration_0
                0x008000d0                PWM_Configuration_1B
                0x008000d2                PWM_Configuration_1A
 .data          0x008000d4        0x0 MCAL/Timer/timer.o
 .data          0x008000d4       0x12 MCAL/Timer/Timer_Config.o
                0x008000d4                Timer_Deinit_Configuration0
                0x008000da                Timer_Configuration0
                0x008000e0                Timer_Configuration2
 .data          0x008000e6        0x0 MCAL/uart_Send.o
 .data          0x008000e6        0x0 Mother_of_Code.o
 .data          0x008000e6        0x0 RTOS/croutine.o
 .data          0x008000e6        0x0 RTOS/event_groups.o
 .data          0x008000e6        0x0 RTOS/heap_1.o
 .data          0x008000e6        0x0 RTOS/list.o
 .data          0x008000e6        0x0 RTOS/port.o
 .data          0x008000e6        0x0 RTOS/queue.o
 .data          0x008000e6        0x0 RTOS/stream_buffer.o
 .data          0x008000e6        0x5 RTOS/tasks.o
 .data          0x008000eb        0x0 RTOS/timers.o
 .data          0x008000eb        0x0 SL/SOS/SOS.o
 .data          0x008000eb        0x2 SL/SOS/SOS_Config.o
                0x008000eb                TMU_Configuration
 .data          0x008000ed        0x0 c:/program files (x86)/atmel/atmel studio 6.0/extensions/atmel/avrgcc/3.4.1.95/avrtoolchain/bin/../lib/gcc/avr/4.6.2/../../../../avr/lib/avr5\libm.a(divsf3.o)
 .data          0x008000ed        0x0 c:/program files (x86)/atmel/atmel studio 6.0/extensions/atmel/avrgcc/3.4.1.95/avrtoolchain/bin/../lib/gcc/avr/4.6.2/../../../../avr/lib/avr5\libm.a(divsf3x.o)
 .data          0x008000ed        0x0 c:/program files (x86)/atmel/atmel studio 6.0/extensions/atmel/avrgcc/3.4.1.95/avrtoolchain/bin/../lib/gcc/avr/4.6.2/../../../../avr/lib/avr5\libm.a(fixunssfsi.o)
 .data          0x008000ed        0x0 c:/program files (x86)/atmel/atmel studio 6.0/extensions/atmel/avrgcc/3.4.1.95/avrtoolchain/bin/../lib/gcc/avr/4.6.2/../../../../avr/lib/avr5\libm.a(floatsisf.o)
 .data          0x008000ed        0x0 c:/program files (x86)/atmel/atmel studio 6.0/extensions/atmel/avrgcc/3.4.1.95/avrtoolchain/bin/../lib/gcc/avr/4.6.2/../../../../avr/lib/avr5\libm.a(fp_inf.o)
 .data          0x008000ed        0x0 c:/program files (x86)/atmel/atmel studio 6.0/extensions/atmel/avrgcc/3.4.1.95/avrtoolchain/bin/../lib/gcc/avr/4.6.2/../../../../avr/lib/avr5\libm.a(fp_nan.o)
 .data          0x008000ed        0x0 c:/program files (x86)/atmel/atmel studio 6.0/extensions/atmel/avrgcc/3.4.1.95/avrtoolchain/bin/../lib/gcc/avr/4.6.2/../../../../avr/lib/avr5\libm.a(fp_pscA.o)
 .data          0x008000ed        0x0 c:/program files (x86)/atmel/atmel studio 6.0/extensions/atmel/avrgcc/3.4.1.95/avrtoolchain/bin/../lib/gcc/avr/4.6.2/../../../../avr/lib/avr5\libm.a(fp_pscB.o)
 .data          0x008000ed        0x0 c:/program files (x86)/atmel/atmel studio 6.0/extensions/atmel/avrgcc/3.4.1.95/avrtoolchain/bin/../lib/gcc/avr/4.6.2/../../../../avr/lib/avr5\libm.a(fp_round.o)
 .data          0x008000ed        0x0 c:/program files (x86)/atmel/atmel studio 6.0/extensions/atmel/avrgcc/3.4.1.95/avrtoolchain/bin/../lib/gcc/avr/4.6.2/../../../../avr/lib/avr5\libm.a(fp_split3.o)
 .data          0x008000ed        0x0 c:/program files (x86)/atmel/atmel studio 6.0/extensions/atmel/avrgcc/3.4.1.95/avrtoolchain/bin/../lib/gcc/avr/4.6.2/../../../../avr/lib/avr5\libm.a(fp_zero.o)
 .data          0x008000ed        0x0 c:/program files (x86)/atmel/atmel studio 6.0/extensions/atmel/avrgcc/3.4.1.95/avrtoolchain/bin/../lib/gcc/avr/4.6.2/../../../../avr/lib/avr5\libm.a(mulsf3.o)
 .data          0x008000ed        0x0 c:/program files (x86)/atmel/atmel studio 6.0/extensions/atmel/avrgcc/3.4.1.95/avrtoolchain/bin/../lib/gcc/avr/4.6.2/../../../../avr/lib/avr5\libm.a(mulsf3x.o)
 .data          0x008000ed        0x0 c:/program files (x86)/atmel/atmel studio 6.0/extensions/atmel/avrgcc/3.4.1.95/avrtoolchain/bin/../lib/gcc/avr/4.6.2/avr5\libgcc.a(_mulsi3.o)
 .data          0x008000ed        0x0 c:/program files (x86)/atmel/atmel studio 6.0/extensions/atmel/avrgcc/3.4.1.95/avrtoolchain/bin/../lib/gcc/avr/4.6.2/avr5\libgcc.a(_udivmodhi4.o)
 .data          0x008000ed        0x0 c:/program files (x86)/atmel/atmel studio 6.0/extensions/atmel/avrgcc/3.4.1.95/avrtoolchain/bin/../lib/gcc/avr/4.6.2/avr5\libgcc.a(_udivmodsi4.o)
 .data          0x008000ed        0x0 c:/program files (x86)/atmel/atmel studio 6.0/extensions/atmel/avrgcc/3.4.1.95/avrtoolchain/bin/../lib/gcc/avr/4.6.2/avr5\libgcc.a(_exit.o)
 .data          0x008000ed        0x0 c:/program files (x86)/atmel/atmel studio 6.0/extensions/atmel/avrgcc/3.4.1.95/avrtoolchain/bin/../lib/gcc/avr/4.6.2/avr5\libgcc.a(_copy_data.o)
 .data          0x008000ed        0x0 c:/program files (x86)/atmel/atmel studio 6.0/extensions/atmel/avrgcc/3.4.1.95/avrtoolchain/bin/../lib/gcc/avr/4.6.2/avr5\libgcc.a(_clear_bss.o)
 .data          0x008000ed        0x0 c:/program files (x86)/atmel/atmel studio 6.0/extensions/atmel/avrgcc/3.4.1.95/avrtoolchain/bin/../lib/gcc/avr/4.6.2/../../../../avr/lib/avr5\libc.a(memcpy.o)
 *(.data*)
 *(.rodata)
 *(.rodata*)
 *(.gnu.linkonce.d*)
                0x008000ee                . = ALIGN (0x2)
 *fill*         0x008000ed        0x1 00
                0x008000ee                _edata = .
                0x008000ee                PROVIDE (__data_end, .)

.bss            0x008000ee      0x517
                0x008000ee                PROVIDE (__bss_start, .)
 *(.bss)
 .bss           0x008000ee        0x0 c:/program files (x86)/atmel/atmel studio 6.0/extensions/atmel/avrgcc/3.4.1.95/avrtoolchain/bin/../lib/gcc/avr/4.6.2/../../../../avr/lib/avr5/crtm32a.o
 .bss           0x008000ee        0x2 AAL/car_sm/car_sm.o
 .bss           0x008000f0        0x0 AAL/Plastic_braker_machine/plastic_braker.o
 .bss           0x008000f0        0x0 AAL/Plastic_braker_machine/plastic_braker_config.o
 .bss           0x008000f0        0xa AAL/print_Machine/Tasks.o
                0x008000f0                u8_Init_finished
 .bss           0x008000fa        0x0 AAL/Steering/Steering.o
 .bss           0x008000fa        0x0 ECUAL/LCD/LCD.o
 .bss           0x008000fa        0x0 ECUAL/LED/gpio.o
 .bss           0x008000fa        0x0 ECUAL/LED/led.o
 .bss           0x008000fa        0x2 ECUAL/MOTOR/Motor.o
 .bss           0x008000fc        0x0 ECUAL/MOTOR/Motor_Config.o
 .bss           0x008000fc        0x0 ECUAL/SWdelay/softwareDelay.o
 .bss           0x008000fc        0x0 ECUAL/US/US.o
 .bss           0x008000fc        0x0 ECUAL/US/UsConfig.o
 .bss           0x008000fc        0x0 Infrastructure/Interrupts Manger/Interrupts.o
 .bss           0x008000fc        0x1 MCAL/ADC/ADC.o
 .bss           0x008000fd        0x0 MCAL/ADC/ADC_Config.o
 .bss           0x008000fd        0x0 MCAL/DIO/DIO.o
 .bss           0x008000fd        0x0 MCAL/DIO/DIO_config.o
 .bss           0x008000fd       0x15 MCAL/ICU/ICU.o
 .bss           0x00800112        0x0 MCAL/ICU/ICU_Config.o
 .bss           0x00800112        0x6 MCAL/PushButtons/pushButton.o
 .bss           0x00800118        0x2 MCAL/PWM/PWM.o
 .bss           0x0080011a        0x0 MCAL/PWM/PWM_Config.o
 .bss           0x0080011a        0x1 MCAL/Timer/timer.o
 .bss           0x0080011b        0x0 MCAL/Timer/Timer_Config.o
 .bss           0x0080011b        0x9 MCAL/uart_Send.o
                0x0080011b                buf_is_full
                0x0080011c                gU8_Data_transmited
                0x0080011d                gU8_Data_Recieved
                0x0080011e                u8_Notification_TX
 .bss           0x00800124        0x7 Mother_of_Code.o
 .bss           0x0080012b        0x0 RTOS/croutine.o
 .bss           0x0080012b        0x0 RTOS/event_groups.o
 .bss           0x0080012b      0x3ec RTOS/heap_1.o
 .bss           0x00800517        0x0 RTOS/list.o
 .bss           0x00800517        0x0 RTOS/port.o
 .bss           0x00800517        0x0 RTOS/queue.o
 .bss           0x00800517        0x0 RTOS/stream_buffer.o
 .bss           0x00800517       0x5d RTOS/tasks.o
                0x00800517                pxCurrentTCB
 .bss           0x00800574        0x0 RTOS/timers.o
 .bss           0x00800574        0x3 SL/SOS/SOS.o
                0x00800574                u8Excution_to_be_done
                0x00800575                u8_FUN_index
                0x00800576                u8_Is_Intialized
 .bss           0x00800577        0x0 SL/SOS/SOS_Config.o
 .bss           0x00800577        0x0 c:/program files (x86)/atmel/atmel studio 6.0/extensions/atmel/avrgcc/3.4.1.95/avrtoolchain/bin/../lib/gcc/avr/4.6.2/../../../../avr/lib/avr5\libm.a(divsf3.o)
 .bss           0x00800577        0x0 c:/program files (x86)/atmel/atmel studio 6.0/extensions/atmel/avrgcc/3.4.1.95/avrtoolchain/bin/../lib/gcc/avr/4.6.2/../../../../avr/lib/avr5\libm.a(divsf3x.o)
 .bss           0x00800577        0x0 c:/program files (x86)/atmel/atmel studio 6.0/extensions/atmel/avrgcc/3.4.1.95/avrtoolchain/bin/../lib/gcc/avr/4.6.2/../../../../avr/lib/avr5\libm.a(fixunssfsi.o)
 .bss           0x00800577        0x0 c:/program files (x86)/atmel/atmel studio 6.0/extensions/atmel/avrgcc/3.4.1.95/avrtoolchain/bin/../lib/gcc/avr/4.6.2/../../../../avr/lib/avr5\libm.a(floatsisf.o)
 .bss           0x00800577        0x0 c:/program files (x86)/atmel/atmel studio 6.0/extensions/atmel/avrgcc/3.4.1.95/avrtoolchain/bin/../lib/gcc/avr/4.6.2/../../../../avr/lib/avr5\libm.a(fp_inf.o)
 .bss           0x00800577        0x0 c:/program files (x86)/atmel/atmel studio 6.0/extensions/atmel/avrgcc/3.4.1.95/avrtoolchain/bin/../lib/gcc/avr/4.6.2/../../../../avr/lib/avr5\libm.a(fp_nan.o)
 .bss           0x00800577        0x0 c:/program files (x86)/atmel/atmel studio 6.0/extensions/atmel/avrgcc/3.4.1.95/avrtoolchain/bin/../lib/gcc/avr/4.6.2/../../../../avr/lib/avr5\libm.a(fp_pscA.o)
 .bss           0x00800577        0x0 c:/program files (x86)/atmel/atmel studio 6.0/extensions/atmel/avrgcc/3.4.1.95/avrtoolchain/bin/../lib/gcc/avr/4.6.2/../../../../avr/lib/avr5\libm.a(fp_pscB.o)
 .bss           0x00800577        0x0 c:/program files (x86)/atmel/atmel studio 6.0/extensions/atmel/avrgcc/3.4.1.95/avrtoolchain/bin/../lib/gcc/avr/4.6.2/../../../../avr/lib/avr5\libm.a(fp_round.o)
 .bss           0x00800577        0x0 c:/program files (x86)/atmel/atmel studio 6.0/extensions/atmel/avrgcc/3.4.1.95/avrtoolchain/bin/../lib/gcc/avr/4.6.2/../../../../avr/lib/avr5\libm.a(fp_split3.o)
 .bss           0x00800577        0x0 c:/program files (x86)/atmel/atmel studio 6.0/extensions/atmel/avrgcc/3.4.1.95/avrtoolchain/bin/../lib/gcc/avr/4.6.2/../../../../avr/lib/avr5\libm.a(fp_zero.o)
 .bss           0x00800577        0x0 c:/program files (x86)/atmel/atmel studio 6.0/extensions/atmel/avrgcc/3.4.1.95/avrtoolchain/bin/../lib/gcc/avr/4.6.2/../../../../avr/lib/avr5\libm.a(mulsf3.o)
 .bss           0x00800577        0x0 c:/program files (x86)/atmel/atmel studio 6.0/extensions/atmel/avrgcc/3.4.1.95/avrtoolchain/bin/../lib/gcc/avr/4.6.2/../../../../avr/lib/avr5\libm.a(mulsf3x.o)
 .bss           0x00800577        0x0 c:/program files (x86)/atmel/atmel studio 6.0/extensions/atmel/avrgcc/3.4.1.95/avrtoolchain/bin/../lib/gcc/avr/4.6.2/avr5\libgcc.a(_mulsi3.o)
 .bss           0x00800577        0x0 c:/program files (x86)/atmel/atmel studio 6.0/extensions/atmel/avrgcc/3.4.1.95/avrtoolchain/bin/../lib/gcc/avr/4.6.2/avr5\libgcc.a(_udivmodhi4.o)
 .bss           0x00800577        0x0 c:/program files (x86)/atmel/atmel studio 6.0/extensions/atmel/avrgcc/3.4.1.95/avrtoolchain/bin/../lib/gcc/avr/4.6.2/avr5\libgcc.a(_udivmodsi4.o)
 .bss           0x00800577        0x0 c:/program files (x86)/atmel/atmel studio 6.0/extensions/atmel/avrgcc/3.4.1.95/avrtoolchain/bin/../lib/gcc/avr/4.6.2/avr5\libgcc.a(_exit.o)
 .bss           0x00800577        0x0 c:/program files (x86)/atmel/atmel studio 6.0/extensions/atmel/avrgcc/3.4.1.95/avrtoolchain/bin/../lib/gcc/avr/4.6.2/avr5\libgcc.a(_copy_data.o)
 .bss           0x00800577        0x0 c:/program files (x86)/atmel/atmel studio 6.0/extensions/atmel/avrgcc/3.4.1.95/avrtoolchain/bin/../lib/gcc/avr/4.6.2/avr5\libgcc.a(_clear_bss.o)
 .bss           0x00800577        0x0 c:/program files (x86)/atmel/atmel studio 6.0/extensions/atmel/avrgcc/3.4.1.95/avrtoolchain/bin/../lib/gcc/avr/4.6.2/../../../../avr/lib/avr5\libc.a(memcpy.o)
 *(.bss*)
 *(COMMON)
 COMMON         0x00800577       0x26 Infrastructure/Interrupts Manger/Interrupts.o
                0x00800577                TWI_I2C
                0x00800579                USART_RXC
                0x0080057b                TIMER2OVF
                0x0080057d                SPM_RDY
                0x0080057f                TIMER1COMPB
                0x00800581                TIMER1COMPA
                0x00800583                SPI_STC
                0x00800585                INT2_external_interrupt
                0x00800587                ANA_COMP
                0x00800589                ADC_INT
                0x0080058b                EE_RDY
                0x0080058d                INT0_external_interrupt
                0x0080058f                USART_TXC
                0x00800591                TIMER0COMP
                0x00800593                USART_UDRE
                0x00800595                INT1_external_interrupt
                0x00800597                TIMER1CAPT
                0x00800599                TIMER1OVF
                0x0080059b                TIMER2COMP
 COMMON         0x0080059d       0x10 MCAL/ADC/ADC.o
                0x0080059d                u16_ADC_readings_Channel
 COMMON         0x008005ad        0xb MCAL/uart_Send.o
                0x008005ad                u8_DATA
                0x008005ae                BufferRequested
 COMMON         0x008005b8       0x4d SL/SOS/SOS.o
                0x008005b8                Start_status
                0x008005bf                Buffer_Array
                0x008005f7                start
                0x00800605                PROVIDE (__bss_end, .)
                0x0000553e                __data_load_start = LOADADDR (.data)
                0x000055cc                __data_load_end = (__data_load_start + SIZEOF (.data))

.noinit         0x00800605        0x0
                0x00800605                PROVIDE (__noinit_start, .)
 *(.noinit*)
                0x00800605                PROVIDE (__noinit_end, .)
                0x00800605                _end = .
                0x00800605                PROVIDE (__heap_start, .)

.eeprom         0x00810000        0x0
 *(.eeprom*)
                0x00810000                __eeprom_end = .

.fuse
 *(.fuse)
 *(.lfuse)
 *(.hfuse)
 *(.efuse)

.lock
 *(.lock*)

.signature
 *(.signature*)

.stab           0x00000000     0x1c50
 *(.stab)
 .stab          0x00000000      0x6cc c:/program files (x86)/atmel/atmel studio 6.0/extensions/atmel/avrgcc/3.4.1.95/avrtoolchain/bin/../lib/gcc/avr/4.6.2/../../../../avr/lib/avr5/crtm32a.o
 .stab          0x000006cc       0x48 c:/program files (x86)/atmel/atmel studio 6.0/extensions/atmel/avrgcc/3.4.1.95/avrtoolchain/bin/../lib/gcc/avr/4.6.2/../../../../avr/lib/avr5\libm.a(divsf3.o)
                                 0x54 (size before relaxing)
 .stab          0x00000714      0x510 c:/program files (x86)/atmel/atmel studio 6.0/extensions/atmel/avrgcc/3.4.1.95/avrtoolchain/bin/../lib/gcc/avr/4.6.2/../../../../avr/lib/avr5\libm.a(divsf3x.o)
                                0x51c (size before relaxing)
 .stab          0x00000c24      0x240 c:/program files (x86)/atmel/atmel studio 6.0/extensions/atmel/avrgcc/3.4.1.95/avrtoolchain/bin/../lib/gcc/avr/4.6.2/../../../../avr/lib/avr5\libm.a(fixunssfsi.o)
                                0x24c (size before relaxing)
 .stab          0x00000e64      0x318 c:/program files (x86)/atmel/atmel studio 6.0/extensions/atmel/avrgcc/3.4.1.95/avrtoolchain/bin/../lib/gcc/avr/4.6.2/../../../../avr/lib/avr5\libm.a(floatsisf.o)
                                0x324 (size before relaxing)
 .stab          0x0000117c       0x78 c:/program files (x86)/atmel/atmel studio 6.0/extensions/atmel/avrgcc/3.4.1.95/avrtoolchain/bin/../lib/gcc/avr/4.6.2/../../../../avr/lib/avr5\libm.a(fp_inf.o)
                                 0x84 (size before relaxing)
 .stab          0x000011f4       0x54 c:/program files (x86)/atmel/atmel studio 6.0/extensions/atmel/avrgcc/3.4.1.95/avrtoolchain/bin/../lib/gcc/avr/4.6.2/../../../../avr/lib/avr5\libm.a(fp_nan.o)
                                 0x60 (size before relaxing)
 .stab          0x00001248       0x84 c:/program files (x86)/atmel/atmel studio 6.0/extensions/atmel/avrgcc/3.4.1.95/avrtoolchain/bin/../lib/gcc/avr/4.6.2/../../../../avr/lib/avr5\libm.a(fp_pscA.o)
                                 0x90 (size before relaxing)
 .stab          0x000012cc       0x84 c:/program files (x86)/atmel/atmel studio 6.0/extensions/atmel/avrgcc/3.4.1.95/avrtoolchain/bin/../lib/gcc/avr/4.6.2/../../../../avr/lib/avr5\libm.a(fp_pscB.o)
                                 0x90 (size before relaxing)
 .stab          0x00001350       0xfc c:/program files (x86)/atmel/atmel studio 6.0/extensions/atmel/avrgcc/3.4.1.95/avrtoolchain/bin/../lib/gcc/avr/4.6.2/../../../../avr/lib/avr5\libm.a(fp_round.o)
                                0x108 (size before relaxing)
 .stab          0x0000144c      0x1d4 c:/program files (x86)/atmel/atmel studio 6.0/extensions/atmel/avrgcc/3.4.1.95/avrtoolchain/bin/../lib/gcc/avr/4.6.2/../../../../avr/lib/avr5\libm.a(fp_split3.o)
                                0x1e0 (size before relaxing)
 .stab          0x00001620       0x90 c:/program files (x86)/atmel/atmel studio 6.0/extensions/atmel/avrgcc/3.4.1.95/avrtoolchain/bin/../lib/gcc/avr/4.6.2/../../../../avr/lib/avr5\libm.a(fp_zero.o)
                                 0x9c (size before relaxing)
 .stab          0x000016b0       0x48 c:/program files (x86)/atmel/atmel studio 6.0/extensions/atmel/avrgcc/3.4.1.95/avrtoolchain/bin/../lib/gcc/avr/4.6.2/../../../../avr/lib/avr5\libm.a(mulsf3.o)
                                 0x54 (size before relaxing)
 .stab          0x000016f8      0x4d4 c:/program files (x86)/atmel/atmel studio 6.0/extensions/atmel/avrgcc/3.4.1.95/avrtoolchain/bin/../lib/gcc/avr/4.6.2/../../../../avr/lib/avr5\libm.a(mulsf3x.o)
                                0x4e0 (size before relaxing)
 .stab          0x00001bcc       0x84 c:/program files (x86)/atmel/atmel studio 6.0/extensions/atmel/avrgcc/3.4.1.95/avrtoolchain/bin/../lib/gcc/avr/4.6.2/../../../../avr/lib/avr5\libc.a(memcpy.o)
                                 0x90 (size before relaxing)

.stabstr        0x00000000      0x5e5
 *(.stabstr)
 .stabstr       0x00000000      0x5e5 c:/program files (x86)/atmel/atmel studio 6.0/extensions/atmel/avrgcc/3.4.1.95/avrtoolchain/bin/../lib/gcc/avr/4.6.2/../../../../avr/lib/avr5/crtm32a.o

.stab.excl
 *(.stab.excl)

.stab.exclstr
 *(.stab.exclstr)

.stab.index
 *(.stab.index)

.stab.indexstr
 *(.stab.indexstr)

.comment
 *(.comment)

.debug
 *(.debug)

.line
 *(.line)

.debug_srcinfo
 *(.debug_srcinfo)

.debug_sfnames
 *(.debug_sfnames)

.debug_aranges  0x00000000      0x420
 *(.debug_aranges)
 .debug_aranges
                0x00000000       0x20 AAL/car_sm/car_sm.o
 .debug_aranges
                0x00000020       0x20 AAL/Plastic_braker_machine/plastic_braker.o
 .debug_aranges
                0x00000040       0x20 AAL/print_Machine/Tasks.o
 .debug_aranges
                0x00000060       0x20 AAL/Steering/Steering.o
 .debug_aranges
                0x00000080       0x20 ECUAL/LCD/LCD.o
 .debug_aranges
                0x000000a0       0x20 ECUAL/LED/gpio.o
 .debug_aranges
                0x000000c0       0x20 ECUAL/LED/led.o
 .debug_aranges
                0x000000e0       0x20 ECUAL/MOTOR/Motor.o
 .debug_aranges
                0x00000100       0x20 ECUAL/SWdelay/softwareDelay.o
 .debug_aranges
                0x00000120       0x20 ECUAL/US/US.o
 .debug_aranges
                0x00000140       0x20 Infrastructure/Interrupts Manger/Interrupts.o
 .debug_aranges
                0x00000160       0x20 MCAL/ADC/ADC.o
 .debug_aranges
                0x00000180       0x20 MCAL/DIO/DIO.o
 .debug_aranges
                0x000001a0       0x20 MCAL/ICU/ICU.o
 .debug_aranges
                0x000001c0       0x20 MCAL/PushButtons/pushButton.o
 .debug_aranges
                0x000001e0       0x20 MCAL/PWM/PWM.o
 .debug_aranges
                0x00000200       0x20 MCAL/Timer/timer.o
 .debug_aranges
                0x00000220       0x20 MCAL/uart_Send.o
 .debug_aranges
                0x00000240       0x20 Mother_of_Code.o
 .debug_aranges
                0x00000260       0x20 RTOS/event_groups.o
 .debug_aranges
                0x00000280       0x20 RTOS/heap_1.o
 .debug_aranges
                0x000002a0       0x20 RTOS/list.o
 .debug_aranges
                0x000002c0       0x20 RTOS/port.o
 .debug_aranges
                0x000002e0       0x20 RTOS/queue.o
 .debug_aranges
                0x00000300       0x20 RTOS/stream_buffer.o
 .debug_aranges
                0x00000320       0x20 RTOS/tasks.o
 .debug_aranges
                0x00000340       0x20 SL/SOS/SOS.o
 .debug_aranges
                0x00000360       0x20 c:/program files (x86)/atmel/atmel studio 6.0/extensions/atmel/avrgcc/3.4.1.95/avrtoolchain/bin/../lib/gcc/avr/4.6.2/avr5\libgcc.a(_mulsi3.o)
 .debug_aranges
                0x00000380       0x20 c:/program files (x86)/atmel/atmel studio 6.0/extensions/atmel/avrgcc/3.4.1.95/avrtoolchain/bin/../lib/gcc/avr/4.6.2/avr5\libgcc.a(_udivmodhi4.o)
 .debug_aranges
                0x000003a0       0x20 c:/program files (x86)/atmel/atmel studio 6.0/extensions/atmel/avrgcc/3.4.1.95/avrtoolchain/bin/../lib/gcc/avr/4.6.2/avr5\libgcc.a(_udivmodsi4.o)
 .debug_aranges
                0x000003c0       0x20 c:/program files (x86)/atmel/atmel studio 6.0/extensions/atmel/avrgcc/3.4.1.95/avrtoolchain/bin/../lib/gcc/avr/4.6.2/avr5\libgcc.a(_exit.o)
 .debug_aranges
                0x000003e0       0x20 c:/program files (x86)/atmel/atmel studio 6.0/extensions/atmel/avrgcc/3.4.1.95/avrtoolchain/bin/../lib/gcc/avr/4.6.2/avr5\libgcc.a(_copy_data.o)
 .debug_aranges
                0x00000400       0x20 c:/program files (x86)/atmel/atmel studio 6.0/extensions/atmel/avrgcc/3.4.1.95/avrtoolchain/bin/../lib/gcc/avr/4.6.2/avr5\libgcc.a(_clear_bss.o)

.debug_pubnames
 *(.debug_pubnames)

.debug_info     0x00000000     0x7610
 *(.debug_info)
 .debug_info    0x00000000       0xd9 AAL/car_sm/car_sm.o
 .debug_info    0x000000d9      0x182 AAL/Plastic_braker_machine/plastic_braker.o
 .debug_info    0x0000025b       0xf3 AAL/Plastic_braker_machine/plastic_braker_config.o
 .debug_info    0x0000034e      0x261 AAL/print_Machine/Tasks.o
 .debug_info    0x000005af       0xdd AAL/Steering/Steering.o
 .debug_info    0x0000068c      0x361 ECUAL/LCD/LCD.o
 .debug_info    0x000009ed      0x25a ECUAL/LED/gpio.o
 .debug_info    0x00000c47      0x12e ECUAL/LED/led.o
 .debug_info    0x00000d75      0x321 ECUAL/MOTOR/Motor.o
 .debug_info    0x00001096       0xe1 ECUAL/MOTOR/Motor_Config.o
 .debug_info    0x00001177       0xdc ECUAL/SWdelay/softwareDelay.o
 .debug_info    0x00001253      0x1ec ECUAL/US/US.o
 .debug_info    0x0000143f       0xbd ECUAL/US/UsConfig.o
 .debug_info    0x000014fc      0x510 Infrastructure/Interrupts Manger/Interrupts.o
 .debug_info    0x00001a0c      0x424 MCAL/ADC/ADC.o
 .debug_info    0x00001e30      0x157 MCAL/ADC/ADC_Config.o
 .debug_info    0x00001f87      0x206 MCAL/DIO/DIO.o
 .debug_info    0x0000218d      0x117 MCAL/DIO/DIO_config.o
 .debug_info    0x000022a4      0x235 MCAL/ICU/ICU.o
 .debug_info    0x000024d9       0xaf MCAL/ICU/ICU_Config.o
 .debug_info    0x00002588      0x118 MCAL/PushButtons/pushButton.o
 .debug_info    0x000026a0      0x271 MCAL/PWM/PWM.o
 .debug_info    0x00002911       0xe5 MCAL/PWM/PWM_Config.o
 .debug_info    0x000029f6      0x39b MCAL/Timer/timer.o
 .debug_info    0x00002d91      0x105 MCAL/Timer/Timer_Config.o
 .debug_info    0x00002e96      0x3ba MCAL/uart_Send.o
 .debug_info    0x00003250      0x302 Mother_of_Code.o
 .debug_info    0x00003552       0x65 RTOS/croutine.o
 .debug_info    0x000035b7      0x67f RTOS/event_groups.o
 .debug_info    0x00003c36      0x167 RTOS/heap_1.o
 .debug_info    0x00003d9d      0x2bd RTOS/list.o
 .debug_info    0x0000405a      0x203 RTOS/port.o
 .debug_info    0x0000425d      0xcf6 RTOS/queue.o
 .debug_info    0x00004f53      0xbcd RTOS/stream_buffer.o
 .debug_info    0x00005b20     0x108a RTOS/tasks.o
 .debug_info    0x00006baa       0x65 RTOS/timers.o
 .debug_info    0x00006c0f      0x41f SL/SOS/SOS.o
 .debug_info    0x0000702e       0xb4 SL/SOS/SOS_Config.o
 .debug_info    0x000070e2       0xdd c:/program files (x86)/atmel/atmel studio 6.0/extensions/atmel/avrgcc/3.4.1.95/avrtoolchain/bin/../lib/gcc/avr/4.6.2/avr5\libgcc.a(_mulsi3.o)
 .debug_info    0x000071bf       0xdd c:/program files (x86)/atmel/atmel studio 6.0/extensions/atmel/avrgcc/3.4.1.95/avrtoolchain/bin/../lib/gcc/avr/4.6.2/avr5\libgcc.a(_udivmodhi4.o)
 .debug_info    0x0000729c       0xdd c:/program files (x86)/atmel/atmel studio 6.0/extensions/atmel/avrgcc/3.4.1.95/avrtoolchain/bin/../lib/gcc/avr/4.6.2/avr5\libgcc.a(_udivmodsi4.o)
 .debug_info    0x00007379       0xdd c:/program files (x86)/atmel/atmel studio 6.0/extensions/atmel/avrgcc/3.4.1.95/avrtoolchain/bin/../lib/gcc/avr/4.6.2/avr5\libgcc.a(_exit.o)
 .debug_info    0x00007456       0xdd c:/program files (x86)/atmel/atmel studio 6.0/extensions/atmel/avrgcc/3.4.1.95/avrtoolchain/bin/../lib/gcc/avr/4.6.2/avr5\libgcc.a(_copy_data.o)
 .debug_info    0x00007533       0xdd c:/program files (x86)/atmel/atmel studio 6.0/extensions/atmel/avrgcc/3.4.1.95/avrtoolchain/bin/../lib/gcc/avr/4.6.2/avr5\libgcc.a(_clear_bss.o)
 *(.gnu.linkonce.wi.*)

.debug_abbrev   0x00000000     0x21ec
 *(.debug_abbrev)
 .debug_abbrev  0x00000000       0x6e AAL/car_sm/car_sm.o
 .debug_abbrev  0x0000006e       0xa1 AAL/Plastic_braker_machine/plastic_braker.o
 .debug_abbrev  0x0000010f       0x75 AAL/Plastic_braker_machine/plastic_braker_config.o
 .debug_abbrev  0x00000184      0x104 AAL/print_Machine/Tasks.o
 .debug_abbrev  0x00000288       0x85 AAL/Steering/Steering.o
 .debug_abbrev  0x0000030d      0x19a ECUAL/LCD/LCD.o
 .debug_abbrev  0x000004a7       0xc2 ECUAL/LED/gpio.o
 .debug_abbrev  0x00000569       0x8a ECUAL/LED/led.o
 .debug_abbrev  0x000005f3       0xd3 ECUAL/MOTOR/Motor.o
 .debug_abbrev  0x000006c6       0x75 ECUAL/MOTOR/Motor_Config.o
 .debug_abbrev  0x0000073b       0x81 ECUAL/SWdelay/softwareDelay.o
 .debug_abbrev  0x000007bc      0x100 ECUAL/US/US.o
 .debug_abbrev  0x000008bc       0x75 ECUAL/US/UsConfig.o
 .debug_abbrev  0x00000931       0xa1 Infrastructure/Interrupts Manger/Interrupts.o
 .debug_abbrev  0x000009d2      0x128 MCAL/ADC/ADC.o
 .debug_abbrev  0x00000afa       0x66 MCAL/ADC/ADC_Config.o
 .debug_abbrev  0x00000b60       0xd8 MCAL/DIO/DIO.o
 .debug_abbrev  0x00000c38       0x75 MCAL/DIO/DIO_config.o
 .debug_abbrev  0x00000cad      0x117 MCAL/ICU/ICU.o
 .debug_abbrev  0x00000dc4       0x66 MCAL/ICU/ICU_Config.o
 .debug_abbrev  0x00000e2a       0x96 MCAL/PushButtons/pushButton.o
 .debug_abbrev  0x00000ec0      0x11e MCAL/PWM/PWM.o
 .debug_abbrev  0x00000fde       0x66 MCAL/PWM/PWM_Config.o
 .debug_abbrev  0x00001044      0x138 MCAL/Timer/timer.o
 .debug_abbrev  0x0000117c       0x76 MCAL/Timer/Timer_Config.o
 .debug_abbrev  0x000011f2      0x141 MCAL/uart_Send.o
 .debug_abbrev  0x00001333      0x10b Mother_of_Code.o
 .debug_abbrev  0x0000143e       0x2a RTOS/croutine.o
 .debug_abbrev  0x00001468      0x18a RTOS/event_groups.o
 .debug_abbrev  0x000015f2       0xf1 RTOS/heap_1.o
 .debug_abbrev  0x000016e3       0xf4 RTOS/list.o
 .debug_abbrev  0x000017d7      0x113 RTOS/port.o
 .debug_abbrev  0x000018ea      0x256 RTOS/queue.o
 .debug_abbrev  0x00001b40      0x1c5 RTOS/stream_buffer.o
 .debug_abbrev  0x00001d05      0x288 RTOS/tasks.o
 .debug_abbrev  0x00001f8d       0x2a RTOS/timers.o
 .debug_abbrev  0x00001fb7      0x150 SL/SOS/SOS.o
 .debug_abbrev  0x00002107       0x6d SL/SOS/SOS_Config.o
 .debug_abbrev  0x00002174       0x14 c:/program files (x86)/atmel/atmel studio 6.0/extensions/atmel/avrgcc/3.4.1.95/avrtoolchain/bin/../lib/gcc/avr/4.6.2/avr5\libgcc.a(_mulsi3.o)
 .debug_abbrev  0x00002188       0x14 c:/program files (x86)/atmel/atmel studio 6.0/extensions/atmel/avrgcc/3.4.1.95/avrtoolchain/bin/../lib/gcc/avr/4.6.2/avr5\libgcc.a(_udivmodhi4.o)
 .debug_abbrev  0x0000219c       0x14 c:/program files (x86)/atmel/atmel studio 6.0/extensions/atmel/avrgcc/3.4.1.95/avrtoolchain/bin/../lib/gcc/avr/4.6.2/avr5\libgcc.a(_udivmodsi4.o)
 .debug_abbrev  0x000021b0       0x14 c:/program files (x86)/atmel/atmel studio 6.0/extensions/atmel/avrgcc/3.4.1.95/avrtoolchain/bin/../lib/gcc/avr/4.6.2/avr5\libgcc.a(_exit.o)
 .debug_abbrev  0x000021c4       0x14 c:/program files (x86)/atmel/atmel studio 6.0/extensions/atmel/avrgcc/3.4.1.95/avrtoolchain/bin/../lib/gcc/avr/4.6.2/avr5\libgcc.a(_copy_data.o)
 .debug_abbrev  0x000021d8       0x14 c:/program files (x86)/atmel/atmel studio 6.0/extensions/atmel/avrgcc/3.4.1.95/avrtoolchain/bin/../lib/gcc/avr/4.6.2/avr5\libgcc.a(_clear_bss.o)

.debug_line     0x00000000     0x2f7a
 *(.debug_line)
 .debug_line    0x00000000       0x9d AAL/car_sm/car_sm.o
 .debug_line    0x0000009d      0x11b AAL/Plastic_braker_machine/plastic_braker.o
 .debug_line    0x000001b8       0xe7 AAL/Plastic_braker_machine/plastic_braker_config.o
 .debug_line    0x0000029f      0x1f4 AAL/print_Machine/Tasks.o
 .debug_line    0x00000493       0xb8 AAL/Steering/Steering.o
 .debug_line    0x0000054b      0x102 ECUAL/LCD/LCD.o
 .debug_line    0x0000064d       0xe5 ECUAL/LED/gpio.o
 .debug_line    0x00000732       0x6f ECUAL/LED/led.o
 .debug_line    0x000007a1      0x163 ECUAL/MOTOR/Motor.o
 .debug_line    0x00000904       0xab ECUAL/MOTOR/Motor_Config.o
 .debug_line    0x000009af       0x9d ECUAL/SWdelay/softwareDelay.o
 .debug_line    0x00000a4c       0xf5 ECUAL/US/US.o
 .debug_line    0x00000b41       0x9e ECUAL/US/UsConfig.o
 .debug_line    0x00000bdf      0x10a Infrastructure/Interrupts Manger/Interrupts.o
 .debug_line    0x00000ce9      0x17c MCAL/ADC/ADC.o
 .debug_line    0x00000e65       0x7d MCAL/ADC/ADC_Config.o
 .debug_line    0x00000ee2      0x119 MCAL/DIO/DIO.o
 .debug_line    0x00000ffb       0x76 MCAL/DIO/DIO_config.o
 .debug_line    0x00001071       0xb5 MCAL/ICU/ICU.o
 .debug_line    0x00001126       0x76 MCAL/ICU/ICU_Config.o
 .debug_line    0x0000119c       0xb2 MCAL/PushButtons/pushButton.o
 .debug_line    0x0000124e      0x115 MCAL/PWM/PWM.o
 .debug_line    0x00001363       0x76 MCAL/PWM/PWM_Config.o
 .debug_line    0x000013d9      0x1b7 MCAL/Timer/timer.o
 .debug_line    0x00001590       0x7e MCAL/Timer/Timer_Config.o
 .debug_line    0x0000160e      0x105 MCAL/uart_Send.o
 .debug_line    0x00001713      0x16a Mother_of_Code.o
 .debug_line    0x0000187d       0x1a RTOS/croutine.o
 .debug_line    0x00001897      0x1cc RTOS/event_groups.o
 .debug_line    0x00001a63      0x180 RTOS/heap_1.o
 .debug_line    0x00001be3      0x122 RTOS/list.o
 .debug_line    0x00001d05      0x14e RTOS/port.o
 .debug_line    0x00001e53      0x3e1 RTOS/queue.o
 .debug_line    0x00002234      0x2ee RTOS/stream_buffer.o
 .debug_line    0x00002522      0x4ca RTOS/tasks.o
 .debug_line    0x000029ec       0x1a RTOS/timers.o
 .debug_line    0x00002a06      0x174 SL/SOS/SOS.o
 .debug_line    0x00002b7a       0x72 SL/SOS/SOS_Config.o
 .debug_line    0x00002bec       0xa5 c:/program files (x86)/atmel/atmel studio 6.0/extensions/atmel/avrgcc/3.4.1.95/avrtoolchain/bin/../lib/gcc/avr/4.6.2/avr5\libgcc.a(_mulsi3.o)
 .debug_line    0x00002c91       0x9a c:/program files (x86)/atmel/atmel studio 6.0/extensions/atmel/avrgcc/3.4.1.95/avrtoolchain/bin/../lib/gcc/avr/4.6.2/avr5\libgcc.a(_udivmodhi4.o)
 .debug_line    0x00002d2b       0xa8 c:/program files (x86)/atmel/atmel studio 6.0/extensions/atmel/avrgcc/3.4.1.95/avrtoolchain/bin/../lib/gcc/avr/4.6.2/avr5\libgcc.a(_udivmodsi4.o)
 .debug_line    0x00002dd3       0x88 c:/program files (x86)/atmel/atmel studio 6.0/extensions/atmel/avrgcc/3.4.1.95/avrtoolchain/bin/../lib/gcc/avr/4.6.2/avr5\libgcc.a(_exit.o)
 .debug_line    0x00002e5b       0x91 c:/program files (x86)/atmel/atmel studio 6.0/extensions/atmel/avrgcc/3.4.1.95/avrtoolchain/bin/../lib/gcc/avr/4.6.2/avr5\libgcc.a(_copy_data.o)
 .debug_line    0x00002eec       0x8e c:/program files (x86)/atmel/atmel studio 6.0/extensions/atmel/avrgcc/3.4.1.95/avrtoolchain/bin/../lib/gcc/avr/4.6.2/avr5\libgcc.a(_clear_bss.o)

.debug_frame    0x00000000     0x1e04
 *(.debug_frame)
 .debug_frame   0x00000000       0x34 AAL/car_sm/car_sm.o
 .debug_frame   0x00000034       0x54 AAL/Plastic_braker_machine/plastic_braker.o
 .debug_frame   0x00000088       0xb4 AAL/print_Machine/Tasks.o
 .debug_frame   0x0000013c       0x3c AAL/Steering/Steering.o
 .debug_frame   0x00000178      0x14c ECUAL/LCD/LCD.o
 .debug_frame   0x000002c4       0x94 ECUAL/LED/gpio.o
 .debug_frame   0x00000358       0x54 ECUAL/LED/led.o
 .debug_frame   0x000003ac       0x74 ECUAL/MOTOR/Motor.o
 .debug_frame   0x00000420       0x34 ECUAL/SWdelay/softwareDelay.o
 .debug_frame   0x00000454       0x60 ECUAL/US/US.o
 .debug_frame   0x000004b4      0x744 Infrastructure/Interrupts Manger/Interrupts.o
 .debug_frame   0x00000bf8       0xd0 MCAL/ADC/ADC.o
 .debug_frame   0x00000cc8       0x54 MCAL/DIO/DIO.o
 .debug_frame   0x00000d1c       0x64 MCAL/ICU/ICU.o
 .debug_frame   0x00000d80       0x24 MCAL/PushButtons/pushButton.o
 .debug_frame   0x00000da4       0x74 MCAL/PWM/PWM.o
 .debug_frame   0x00000e18       0x74 MCAL/Timer/timer.o
 .debug_frame   0x00000e8c       0xdc MCAL/uart_Send.o
 .debug_frame   0x00000f68       0x84 Mother_of_Code.o
 .debug_frame   0x00000fec      0x168 RTOS/event_groups.o
 .debug_frame   0x00001154       0x60 RTOS/heap_1.o
 .debug_frame   0x000011b4       0x88 RTOS/list.o
 .debug_frame   0x0000123c       0x74 RTOS/port.o
 .debug_frame   0x000012b0      0x2e8 RTOS/queue.o
 .debug_frame   0x00001598      0x3f4 RTOS/stream_buffer.o
 .debug_frame   0x0000198c      0x3e4 RTOS/tasks.o
 .debug_frame   0x00001d70       0x94 SL/SOS/SOS.o

.debug_str      0x00000000     0x29f0
 *(.debug_str)
 .debug_str     0x00000000       0xb9 AAL/car_sm/car_sm.o
                                 0xf6 (size before relaxing)
 .debug_str     0x000000b9       0xb3 AAL/Plastic_braker_machine/plastic_braker.o
                                0x16b (size before relaxing)
 .debug_str     0x0000016c       0x36 AAL/Plastic_braker_machine/plastic_braker_config.o
                                0x131 (size before relaxing)
 .debug_str     0x000001a2      0x14f AAL/print_Machine/Tasks.o
                                0x20b (size before relaxing)
 .debug_str     0x000002f1       0x51 AAL/Steering/Steering.o
                                0x104 (size before relaxing)
 .debug_str     0x00000342       0xda ECUAL/LCD/LCD.o
                                0x1b8 (size before relaxing)
 .debug_str     0x0000041c       0xd6 ECUAL/LED/gpio.o
                                0x195 (size before relaxing)
 .debug_str     0x000004f2       0x67 ECUAL/LED/led.o
                                0x112 (size before relaxing)
 .debug_str     0x00000559       0xfe ECUAL/MOTOR/Motor.o
                                0x1dd (size before relaxing)
 .debug_str     0x00000657       0x1e ECUAL/MOTOR/Motor_Config.o
                                0x101 (size before relaxing)
 .debug_str     0x00000675       0x4e ECUAL/SWdelay/softwareDelay.o
                                0x10a (size before relaxing)
 .debug_str     0x000006c3       0x94 ECUAL/US/US.o
                                0x176 (size before relaxing)
 .debug_str     0x00000757       0x17 ECUAL/US/UsConfig.o
                                 0xef (size before relaxing)
 .debug_str     0x0000076e      0x270 Infrastructure/Interrupts Manger/Interrupts.o
                                0x33a (size before relaxing)
 .debug_str     0x000009de      0x1c8 MCAL/ADC/ADC.o
                                0x2bc (size before relaxing)
 .debug_str     0x00000ba6       0x19 MCAL/ADC/ADC_Config.o
                                0x1c5 (size before relaxing)
 .debug_str     0x00000bbf       0x2f MCAL/DIO/DIO.o
                                0x12d (size before relaxing)
 .debug_str     0x00000bee       0x75 MCAL/DIO/DIO_config.o
                                0x14f (size before relaxing)
 .debug_str     0x00000c63       0xb8 MCAL/ICU/ICU.o
                                0x1e1 (size before relaxing)
 .debug_str     0x00000d1b       0x19 MCAL/ICU/ICU_Config.o
                                 0xff (size before relaxing)
 .debug_str     0x00000d34       0x88 MCAL/PushButtons/pushButton.o
                                0x161 (size before relaxing)
 .debug_str     0x00000dbc       0x87 MCAL/PWM/PWM.o
                                0x18e (size before relaxing)
 .debug_str     0x00000e43       0x41 MCAL/PWM/PWM_Config.o
                                0x13a (size before relaxing)
 .debug_str     0x00000e84       0xd9 MCAL/Timer/timer.o
                                0x1d3 (size before relaxing)
 .debug_str     0x00000f5d       0x63 MCAL/Timer/Timer_Config.o
                                0x172 (size before relaxing)
 .debug_str     0x00000fc0      0x286 MCAL/uart_Send.o
                                0x36b (size before relaxing)
 .debug_str     0x00001246       0xf0 Mother_of_Code.o
                                0x2e7 (size before relaxing)
 .debug_str     0x00001336       0x13 RTOS/croutine.o
                                 0xc3 (size before relaxing)
 .debug_str     0x00001349      0x328 RTOS/event_groups.o
                                0x42b (size before relaxing)
 .debug_str     0x00001671       0x93 RTOS/heap_1.o
                                0x154 (size before relaxing)
 .debug_str     0x00001704       0x9c RTOS/list.o
                                0x202 (size before relaxing)
 .debug_str     0x000017a0       0xff RTOS/port.o
                                0x1df (size before relaxing)
 .debug_str     0x0000189f      0x40b RTOS/queue.o
                                0x5df (size before relaxing)
 .debug_str     0x00001caa      0x468 RTOS/stream_buffer.o
                                0x61b (size before relaxing)
 .debug_str     0x00002112      0x732 RTOS/tasks.o
                                0x9ff (size before relaxing)
 .debug_str     0x00002844       0x11 RTOS/timers.o
                                 0xc1 (size before relaxing)
 .debug_str     0x00002855      0x184 SL/SOS/SOS.o
                                0x31b (size before relaxing)
 .debug_str     0x000029d9       0x17 SL/SOS/SOS_Config.o
                                0x10a (size before relaxing)

.debug_loc      0x00000000     0x7e26
 *(.debug_loc)
 .debug_loc     0x00000000      0x119 AAL/Steering/Steering.o
 .debug_loc     0x00000119      0x4a7 ECUAL/LCD/LCD.o
 .debug_loc     0x000005c0      0x3c0 ECUAL/LED/gpio.o
 .debug_loc     0x00000980       0xd0 ECUAL/LED/led.o
 .debug_loc     0x00000a50      0x4ce ECUAL/MOTOR/Motor.o
 .debug_loc     0x00000f1e       0xbd ECUAL/SWdelay/softwareDelay.o
 .debug_loc     0x00000fdb       0xd8 ECUAL/US/US.o
 .debug_loc     0x000010b3      0xfdc Infrastructure/Interrupts Manger/Interrupts.o
 .debug_loc     0x0000208f      0x130 MCAL/ADC/ADC.o
 .debug_loc     0x000021bf      0x28f MCAL/DIO/DIO.o
 .debug_loc     0x0000244e       0xf0 MCAL/ICU/ICU.o
 .debug_loc     0x0000253e       0x34 MCAL/PushButtons/pushButton.o
 .debug_loc     0x00002572      0x366 MCAL/PWM/PWM.o
 .debug_loc     0x000028d8      0x322 MCAL/Timer/timer.o
 .debug_loc     0x00002bfa      0x259 MCAL/uart_Send.o
 .debug_loc     0x00002e53       0x44 Mother_of_Code.o
 .debug_loc     0x00002e97      0xad6 RTOS/event_groups.o
 .debug_loc     0x0000396d       0xb7 RTOS/heap_1.o
 .debug_loc     0x00003a24      0x171 RTOS/list.o
 .debug_loc     0x00003b95      0x28e RTOS/port.o
 .debug_loc     0x00003e23     0x11b9 RTOS/queue.o
 .debug_loc     0x00004fdc     0x1845 RTOS/stream_buffer.o
 .debug_loc     0x00006821     0x148e RTOS/tasks.o
 .debug_loc     0x00007caf      0x177 SL/SOS/SOS.o

.debug_macinfo
 *(.debug_macinfo)
OUTPUT(Mother_of_Code.elf elf32-avr)
LOAD linker stubs

.debug_ranges   0x00000000      0x138
 .debug_ranges  0x00000000       0xa8 RTOS/queue.o
 .debug_ranges  0x000000a8       0x90 RTOS/tasks.o
